2026-03-19 08:42:50.473 +07:00 [INF] ACS Simulator API starting on port 9060...
2026-03-19 08:42:50.538 +07:00 [INF] [FleetPersistence] Loaded 3 AGV(s) from C:\Users\ducbu\Documents\GitHub\ACS\src\backend\ACS.Simulator.API\bin\Debug\net8.0\data\fleet.json (saved at "2026-03-18T16:09:51.2593216Z")
2026-03-19 08:42:50.543 +07:00 [INF] [FleetRestore] Restoring 3 AGV(s)...
2026-03-19 08:42:50.554 +07:00 [INF] AGV created: PSH-02092021
2026-03-19 08:42:50.565 +07:00 [INF] [FleetPersistence] Saved 1 AGV(s) to C:\Users\ducbu\Documents\GitHub\ACS\src\backend\ACS.Simulator.API\bin\Debug\net8.0\data\fleet.json
2026-03-19 08:42:50.621 +07:00 [INF] [FleetRestore] AGV PSH-02092021 restored and started
2026-03-19 08:42:50.623 +07:00 [INF] AGV created: PSH-02092022
2026-03-19 08:42:50.625 +07:00 [INF] [FleetPersistence] Saved 2 AGV(s) to C:\Users\ducbu\Documents\GitHub\ACS\src\backend\ACS.Simulator.API\bin\Debug\net8.0\data\fleet.json
2026-03-19 08:42:50.631 +07:00 [INF] [FleetRestore] AGV PSH-02092022 restored and started
2026-03-19 08:42:50.632 +07:00 [INF] AGV created: PSH-02092023
2026-03-19 08:42:50.638 +07:00 [INF] [FleetPersistence] Saved 3 AGV(s) to C:\Users\ducbu\Documents\GitHub\ACS\src\backend\ACS.Simulator.API\bin\Debug\net8.0\data\fleet.json
2026-03-19 08:42:50.638 +07:00 [INF] [FleetRestore] AGV PSH-02092023 restored (not auto-started)
2026-03-19 08:42:50.641 +07:00 [INF] [FleetRestore] Fleet restoration complete
2026-03-19 08:42:50.648 +07:00 [INF] [SimulatorBroadcast] Service starting with adaptive interval (150ms / 3000ms)
2026-03-19 08:49:22.056 +07:00 [ERR] An unhandled exception has occurred while executing the request.
System.InvalidOperationException: It is not allowed to connect with a server after the connection is established.
   at MQTTnet.Client.MqttClient.ThrowIfConnected(String message)
   at MQTTnet.Client.MqttClient.ConnectAsync(MqttClientOptions options, CancellationToken cancellationToken)
   at ACS.Simulator.API.Core.Services.VirtualAgv.ConnectAsync() in C:\Users\ducbu\Documents\GitHub\ACS\src\backend\ACS.Simulator.API\Core\Services\VirtualAgv.cs:line 306
   at ACS.Simulator.API.Services.SimulatorService.StartAgvAsync(String id) in C:\Users\ducbu\Documents\GitHub\ACS\src\backend\ACS.Simulator.API\Services\SimulatorService.cs:line 164
   at ACS.Simulator.API.Controllers.AgvController.Start(String id) in C:\Users\ducbu\Documents\GitHub\ACS\src\backend\ACS.Simulator.API\Controllers\AgvController.cs:line 43
   at Microsoft.AspNetCore.Mvc.Infrastructure.ActionMethodExecutor.TaskOfIActionResultExecutor.Execute(ActionContext actionContext, IActionResultTypeMapper mapper, ObjectMethodExecutor executor, Object controller, Object[] arguments)
   at Microsoft.AspNetCore.Mvc.Infrastructure.ControllerActionInvoker.<InvokeActionMethodAsync>g__Awaited|12_0(ControllerActionInvoker invoker, ValueTask`1 actionResultValueTask)
   at Microsoft.AspNetCore.Mvc.Infrastructure.ControllerActionInvoker.<InvokeNextActionFilterAsync>g__Awaited|10_0(ControllerActionInvoker invoker, Task lastTask, State next, Scope scope, Object state, Boolean isCompleted)
   at Microsoft.AspNetCore.Mvc.Infrastructure.ControllerActionInvoker.Rethrow(ActionExecutedContextSealed context)
   at Microsoft.AspNetCore.Mvc.Infrastructure.ControllerActionInvoker.Next(State& next, Scope& scope, Object& state, Boolean& isCompleted)
   at Microsoft.AspNetCore.Mvc.Infrastructure.ControllerActionInvoker.InvokeInnerFilterAsync()
--- End of stack trace from previous location ---
   at Microsoft.AspNetCore.Mvc.Infrastructure.ResourceInvoker.<InvokeFilterPipelineAsync>g__Awaited|20_0(ResourceInvoker invoker, Task lastTask, State next, Scope scope, Object state, Boolean isCompleted)
   at Microsoft.AspNetCore.Mvc.Infrastructure.ResourceInvoker.<InvokeAsync>g__Awaited|17_0(ResourceInvoker invoker, Task task, IDisposable scope)
   at Microsoft.AspNetCore.Mvc.Infrastructure.ResourceInvoker.<InvokeAsync>g__Awaited|17_0(ResourceInvoker invoker, Task task, IDisposable scope)
   at Swashbuckle.AspNetCore.SwaggerUI.SwaggerUIMiddleware.Invoke(HttpContext httpContext)
   at Swashbuckle.AspNetCore.Swagger.SwaggerMiddleware.Invoke(HttpContext httpContext, ISwaggerProvider swaggerProvider)
   at Microsoft.AspNetCore.Authorization.AuthorizationMiddleware.Invoke(HttpContext context)
   at Microsoft.AspNetCore.Authentication.AuthenticationMiddleware.Invoke(HttpContext context)
   at Microsoft.AspNetCore.Diagnostics.DeveloperExceptionPageMiddlewareImpl.Invoke(HttpContext context)
2026-03-19 08:49:37.908 +07:00 [INF] AGV updated: PSH-02092023 -> PSH-02092023
2026-03-19 08:49:37.911 +07:00 [INF] [FleetPersistence] Saved 3 AGV(s) to C:\Users\ducbu\Documents\GitHub\ACS\src\backend\ACS.Simulator.API\bin\Debug\net8.0\data\fleet.json
2026-03-19 08:50:08.868 +07:00 [INF] AGV updated: PSH-02092023 -> PSH-02092023
2026-03-19 08:50:08.870 +07:00 [INF] [FleetPersistence] Saved 3 AGV(s) to C:\Users\ducbu\Documents\GitHub\ACS\src\backend\ACS.Simulator.API\bin\Debug\net8.0\data\fleet.json
2026-03-19 08:50:16.753 +07:00 [INF] AGV updated: PSH-02092023 -> PSH-02092023
2026-03-19 08:50:16.755 +07:00 [INF] [FleetPersistence] Saved 3 AGV(s) to C:\Users\ducbu\Documents\GitHub\ACS\src\backend\ACS.Simulator.API\bin\Debug\net8.0\data\fleet.json
2026-03-19 09:08:40.814 +07:00 [ERR] Failed to proxy maps
System.Net.Http.HttpRequestException: No connection could be made because the target machine actively refused it. (localhost:9050)
 ---> System.Net.Sockets.SocketException (10061): No connection could be made because the target machine actively refused it.
   at System.Net.Sockets.Socket.AwaitableSocketAsyncEventArgs.ThrowException(SocketError error, CancellationToken cancellationToken)
   at System.Net.Sockets.Socket.AwaitableSocketAsyncEventArgs.System.Threading.Tasks.Sources.IValueTaskSource.GetResult(Int16 token)
   at System.Net.Sockets.Socket.<ConnectAsync>g__WaitForConnectWithCancellation|285_0(AwaitableSocketAsyncEventArgs saea, ValueTask connectTask, CancellationToken cancellationToken)
   at System.Net.Http.HttpConnectionPool.ConnectToTcpHostAsync(String host, Int32 port, HttpRequestMessage initialRequest, Boolean async, CancellationToken cancellationToken)
   --- End of inner exception stack trace ---
   at System.Net.Http.HttpConnectionPool.ConnectToTcpHostAsync(String host, Int32 port, HttpRequestMessage initialRequest, Boolean async, CancellationToken cancellationToken)
   at System.Net.Http.HttpConnectionPool.ConnectAsync(HttpRequestMessage request, Boolean async, CancellationToken cancellationToken)
   at System.Net.Http.HttpConnectionPool.CreateHttp11ConnectionAsync(HttpRequestMessage request, Boolean async, CancellationToken cancellationToken)
   at System.Net.Http.HttpConnectionPool.AddHttp11ConnectionAsync(QueueItem queueItem)
   at System.Threading.Tasks.TaskCompletionSourceWithCancellation`1.WaitWithCancellationAsync(CancellationToken cancellationToken)
   at System.Net.Http.HttpConnectionPool.SendWithVersionDetectionAndRetryAsync(HttpRequestMessage request, Boolean async, Boolean doRequestAuth, CancellationToken cancellationToken)
   at System.Net.Http.DiagnosticsHandler.SendAsyncCore(HttpRequestMessage request, Boolean async, CancellationToken cancellationToken)
   at System.Net.Http.RedirectHandler.SendAsync(HttpRequestMessage request, Boolean async, CancellationToken cancellationToken)
   at Microsoft.Extensions.Http.Logging.LoggingHttpMessageHandler.<SendCoreAsync>g__Core|5_0(HttpRequestMessage request, Boolean useAsync, CancellationToken cancellationToken)
   at Microsoft.Extensions.Http.Logging.LoggingScopeHttpMessageHandler.<SendCoreAsync>g__Core|5_0(HttpRequestMessage request, Boolean useAsync, CancellationToken cancellationToken)
   at System.Net.Http.HttpClient.<SendAsync>g__Core|83_0(HttpRequestMessage request, HttpCompletionOption completionOption, CancellationTokenSource cts, Boolean disposeCts, CancellationTokenSource pendingRequestsCts, CancellationToken originalCancellationToken)
   at ACS.Simulator.API.Controllers.MapController.GetMaps() in C:\Users\ducbu\Documents\GitHub\ACS\src\backend\ACS.Simulator.API\Controllers\MapController.cs:line 34
2026-03-19 09:08:44.908 +07:00 [ERR] Failed to proxy maps
System.Net.Http.HttpRequestException: No connection could be made because the target machine actively refused it. (localhost:9050)
 ---> System.Net.Sockets.SocketException (10061): No connection could be made because the target machine actively refused it.
   at System.Net.Sockets.Socket.AwaitableSocketAsyncEventArgs.ThrowException(SocketError error, CancellationToken cancellationToken)
   at System.Net.Sockets.Socket.AwaitableSocketAsyncEventArgs.System.Threading.Tasks.Sources.IValueTaskSource.GetResult(Int16 token)
   at System.Net.Sockets.Socket.<ConnectAsync>g__WaitForConnectWithCancellation|285_0(AwaitableSocketAsyncEventArgs saea, ValueTask connectTask, CancellationToken cancellationToken)
   at System.Net.Http.HttpConnectionPool.ConnectToTcpHostAsync(String host, Int32 port, HttpRequestMessage initialRequest, Boolean async, CancellationToken cancellationToken)
   --- End of inner exception stack trace ---
   at System.Net.Http.HttpConnectionPool.ConnectToTcpHostAsync(String host, Int32 port, HttpRequestMessage initialRequest, Boolean async, CancellationToken cancellationToken)
   at System.Net.Http.HttpConnectionPool.ConnectAsync(HttpRequestMessage request, Boolean async, CancellationToken cancellationToken)
   at System.Net.Http.HttpConnectionPool.CreateHttp11ConnectionAsync(HttpRequestMessage request, Boolean async, CancellationToken cancellationToken)
   at System.Net.Http.HttpConnectionPool.AddHttp11ConnectionAsync(QueueItem queueItem)
   at System.Threading.Tasks.TaskCompletionSourceWithCancellation`1.WaitWithCancellationAsync(CancellationToken cancellationToken)
   at System.Net.Http.HttpConnectionPool.SendWithVersionDetectionAndRetryAsync(HttpRequestMessage request, Boolean async, Boolean doRequestAuth, CancellationToken cancellationToken)
   at System.Net.Http.DiagnosticsHandler.SendAsyncCore(HttpRequestMessage request, Boolean async, CancellationToken cancellationToken)
   at System.Net.Http.RedirectHandler.SendAsync(HttpRequestMessage request, Boolean async, CancellationToken cancellationToken)
   at Microsoft.Extensions.Http.Logging.LoggingHttpMessageHandler.<SendCoreAsync>g__Core|5_0(HttpRequestMessage request, Boolean useAsync, CancellationToken cancellationToken)
   at Microsoft.Extensions.Http.Logging.LoggingScopeHttpMessageHandler.<SendCoreAsync>g__Core|5_0(HttpRequestMessage request, Boolean useAsync, CancellationToken cancellationToken)
   at System.Net.Http.HttpClient.<SendAsync>g__Core|83_0(HttpRequestMessage request, HttpCompletionOption completionOption, CancellationTokenSource cts, Boolean disposeCts, CancellationTokenSource pendingRequestsCts, CancellationToken originalCancellationToken)
   at ACS.Simulator.API.Controllers.MapController.GetMaps() in C:\Users\ducbu\Documents\GitHub\ACS\src\backend\ACS.Simulator.API\Controllers\MapController.cs:line 34
2026-03-19 09:08:47.637 +07:00 [INF] AGV updated: PSH-02092023 -> PSH-02092023
2026-03-19 09:08:47.640 +07:00 [INF] [FleetPersistence] Saved 3 AGV(s) to C:\Users\ducbu\Documents\GitHub\ACS\src\backend\ACS.Simulator.API\bin\Debug\net8.0\data\fleet.json
2026-03-19 09:09:35.888 +07:00 [INF] AGV updated: PSH-02092023 -> PSH-02092023
2026-03-19 09:09:35.890 +07:00 [INF] [FleetPersistence] Saved 3 AGV(s) to C:\Users\ducbu\Documents\GitHub\ACS\src\backend\ACS.Simulator.API\bin\Debug\net8.0\data\fleet.json
2026-03-19 09:09:43.505 +07:00 [INF] AGV updated: PSH-02092023 -> PSH-02092023
2026-03-19 09:09:43.507 +07:00 [INF] [FleetPersistence] Saved 3 AGV(s) to C:\Users\ducbu\Documents\GitHub\ACS\src\backend\ACS.Simulator.API\bin\Debug\net8.0\data\fleet.json
2026-03-19 10:19:13.784 +07:00 [INF] AGV created: PSH-02092024
2026-03-19 10:19:13.787 +07:00 [INF] [FleetPersistence] Saved 4 AGV(s) to C:\Users\ducbu\Documents\GitHub\ACS\src\backend\ACS.Simulator.API\bin\Debug\net8.0\data\fleet.json
2026-03-19 10:19:22.258 +07:00 [INF] AGV created: PSH-02092025
2026-03-19 10:19:22.261 +07:00 [INF] [FleetPersistence] Saved 5 AGV(s) to C:\Users\ducbu\Documents\GitHub\ACS\src\backend\ACS.Simulator.API\bin\Debug\net8.0\data\fleet.json
2026-03-19 10:22:41.807 +07:00 [INF] AGV updated: PSH-02092025 -> PSH-02092025
2026-03-19 10:22:41.810 +07:00 [INF] [FleetPersistence] Saved 5 AGV(s) to C:\Users\ducbu\Documents\GitHub\ACS\src\backend\ACS.Simulator.API\bin\Debug\net8.0\data\fleet.json
2026-03-19 10:23:15.635 +07:00 [INF] ACS Simulator API starting on port 9060...
2026-03-19 10:23:15.743 +07:00 [INF] [FleetPersistence] Loaded 5 AGV(s) from C:\Users\ducbu\Documents\GitHub\ACS\src\backend\ACS.Simulator.API\bin\Debug\net8.0\data\fleet.json (saved at "2026-03-19T03:22:41.8091604Z")
2026-03-19 10:23:15.752 +07:00 [INF] [FleetRestore] Restoring 5 AGV(s)...
2026-03-19 10:23:15.773 +07:00 [INF] AGV created: PSH-02092021
2026-03-19 10:23:15.790 +07:00 [INF] [FleetPersistence] Saved 1 AGV(s) to C:\Users\ducbu\Documents\GitHub\ACS\src\backend\ACS.Simulator.API\bin\Debug\net8.0\data\fleet.json
2026-03-19 10:23:15.888 +07:00 [INF] [FleetRestore] AGV PSH-02092021 restored and started
2026-03-19 10:23:15.897 +07:00 [INF] AGV created: PSH-02092022
2026-03-19 10:23:15.900 +07:00 [INF] [FleetPersistence] Saved 2 AGV(s) to C:\Users\ducbu\Documents\GitHub\ACS\src\backend\ACS.Simulator.API\bin\Debug\net8.0\data\fleet.json
2026-03-19 10:23:15.909 +07:00 [INF] [FleetRestore] AGV PSH-02092022 restored and started
2026-03-19 10:23:15.913 +07:00 [INF] AGV created: PSH-02092023
2026-03-19 10:23:15.921 +07:00 [INF] [FleetPersistence] Saved 3 AGV(s) to C:\Users\ducbu\Documents\GitHub\ACS\src\backend\ACS.Simulator.API\bin\Debug\net8.0\data\fleet.json
2026-03-19 10:23:15.925 +07:00 [INF] [FleetRestore] AGV PSH-02092023 restored and started
2026-03-19 10:23:15.930 +07:00 [INF] AGV created: PSH-02092024
2026-03-19 10:23:15.940 +07:00 [INF] [FleetPersistence] Saved 4 AGV(s) to C:\Users\ducbu\Documents\GitHub\ACS\src\backend\ACS.Simulator.API\bin\Debug\net8.0\data\fleet.json
2026-03-19 10:23:15.944 +07:00 [INF] [FleetRestore] AGV PSH-02092024 restored and started
2026-03-19 10:23:15.948 +07:00 [INF] AGV created: PSH-02092025
2026-03-19 10:23:15.961 +07:00 [INF] [FleetPersistence] Saved 5 AGV(s) to C:\Users\ducbu\Documents\GitHub\ACS\src\backend\ACS.Simulator.API\bin\Debug\net8.0\data\fleet.json
2026-03-19 10:23:15.961 +07:00 [INF] [FleetRestore] AGV PSH-02092025 restored (not auto-started)
2026-03-19 10:23:15.965 +07:00 [INF] [FleetRestore] Fleet restoration complete
2026-03-19 10:23:15.977 +07:00 [INF] [SimulatorBroadcast] Service starting with adaptive interval (150ms / 3000ms)
2026-03-19 10:26:22.150 +07:00 [INF] AGV updated: PSH-02092025 -> PSH-02092025
2026-03-19 10:26:22.154 +07:00 [INF] [FleetPersistence] Saved 5 AGV(s) to C:\Users\ducbu\Documents\GitHub\ACS\src\backend\ACS.Simulator.API\bin\Debug\net8.0\data\fleet.json
2026-03-19 10:26:36.870 +07:00 [INF] AGV updated: PSH-02092024 -> PSH-02092024
2026-03-19 10:26:36.873 +07:00 [INF] [FleetPersistence] Saved 5 AGV(s) to C:\Users\ducbu\Documents\GitHub\ACS\src\backend\ACS.Simulator.API\bin\Debug\net8.0\data\fleet.json
2026-03-19 10:26:45.981 +07:00 [INF] AGV updated: PSH-02092024 -> PSH-02092024
2026-03-19 10:26:45.985 +07:00 [INF] [FleetPersistence] Saved 5 AGV(s) to C:\Users\ducbu\Documents\GitHub\ACS\src\backend\ACS.Simulator.API\bin\Debug\net8.0\data\fleet.json
2026-03-19 10:26:50.483 +07:00 [INF] AGV updated: PSH-02092023 -> PSH-02092023
2026-03-19 10:26:50.486 +07:00 [INF] [FleetPersistence] Saved 5 AGV(s) to C:\Users\ducbu\Documents\GitHub\ACS\src\backend\ACS.Simulator.API\bin\Debug\net8.0\data\fleet.json
2026-03-19 10:26:58.284 +07:00 [INF] AGV updated: PSH-02092022 -> PSH-02092022
2026-03-19 10:26:58.286 +07:00 [INF] [FleetPersistence] Saved 5 AGV(s) to C:\Users\ducbu\Documents\GitHub\ACS\src\backend\ACS.Simulator.API\bin\Debug\net8.0\data\fleet.json
2026-03-19 10:27:31.953 +07:00 [INF] AGV updated: PSH-02092024 -> PSH-02092024
2026-03-19 10:27:31.955 +07:00 [INF] [FleetPersistence] Saved 5 AGV(s) to C:\Users\ducbu\Documents\GitHub\ACS\src\backend\ACS.Simulator.API\bin\Debug\net8.0\data\fleet.json
2026-03-19 10:27:50.109 +07:00 [INF] AGV updated: PSH-02092023 -> PSH-02092023
2026-03-19 10:27:50.207 +07:00 [INF] [FleetPersistence] Saved 5 AGV(s) to C:\Users\ducbu\Documents\GitHub\ACS\src\backend\ACS.Simulator.API\bin\Debug\net8.0\data\fleet.json
2026-03-19 10:31:40.639 +07:00 [INF] AGV updated: PSH-02092023 -> PSH-02092023
2026-03-19 10:31:40.642 +07:00 [INF] [FleetPersistence] Saved 5 AGV(s) to C:\Users\ducbu\Documents\GitHub\ACS\src\backend\ACS.Simulator.API\bin\Debug\net8.0\data\fleet.json
2026-03-19 10:35:33.704 +07:00 [INF] AGV updated: PSH-02092024 -> PSH-02092024
2026-03-19 10:35:33.706 +07:00 [INF] [FleetPersistence] Saved 5 AGV(s) to C:\Users\ducbu\Documents\GitHub\ACS\src\backend\ACS.Simulator.API\bin\Debug\net8.0\data\fleet.json
2026-03-19 10:35:51.022 +07:00 [INF] AGV updated: PSH-02092022 -> PSH-02092022
2026-03-19 10:35:51.025 +07:00 [INF] [FleetPersistence] Saved 5 AGV(s) to C:\Users\ducbu\Documents\GitHub\ACS\src\backend\ACS.Simulator.API\bin\Debug\net8.0\data\fleet.json
2026-03-19 10:36:16.632 +07:00 [INF] AGV updated: PSH-02092024 -> PSH-02092024
2026-03-19 10:36:16.636 +07:00 [INF] [FleetPersistence] Saved 5 AGV(s) to C:\Users\ducbu\Documents\GitHub\ACS\src\backend\ACS.Simulator.API\bin\Debug\net8.0\data\fleet.json
2026-03-19 10:36:25.308 +07:00 [INF] AGV updated: PSH-02092022 -> PSH-02092022
2026-03-19 10:36:25.311 +07:00 [INF] [FleetPersistence] Saved 5 AGV(s) to C:\Users\ducbu\Documents\GitHub\ACS\src\backend\ACS.Simulator.API\bin\Debug\net8.0\data\fleet.json
2026-03-19 10:36:33.011 +07:00 [INF] AGV updated: PSH-02092025 -> PSH-02092025
2026-03-19 10:36:33.014 +07:00 [INF] [FleetPersistence] Saved 5 AGV(s) to C:\Users\ducbu\Documents\GitHub\ACS\src\backend\ACS.Simulator.API\bin\Debug\net8.0\data\fleet.json
2026-03-19 10:36:41.408 +07:00 [INF] AGV updated: PSH-02092022 -> PSH-02092022
2026-03-19 10:36:41.410 +07:00 [INF] [FleetPersistence] Saved 5 AGV(s) to C:\Users\ducbu\Documents\GitHub\ACS\src\backend\ACS.Simulator.API\bin\Debug\net8.0\data\fleet.json
2026-03-19 10:36:56.930 +07:00 [INF] AGV updated: PSH-02092024 -> PSH-02092024
2026-03-19 10:36:56.932 +07:00 [INF] [FleetPersistence] Saved 5 AGV(s) to C:\Users\ducbu\Documents\GitHub\ACS\src\backend\ACS.Simulator.API\bin\Debug\net8.0\data\fleet.json
2026-03-19 10:37:48.530 +07:00 [INF] AGV updated: PSH-02092024 -> PSH-02092024
2026-03-19 10:37:48.533 +07:00 [INF] [FleetPersistence] Saved 5 AGV(s) to C:\Users\ducbu\Documents\GitHub\ACS\src\backend\ACS.Simulator.API\bin\Debug\net8.0\data\fleet.json
2026-03-19 10:38:46.553 +07:00 [INF] AGV updated: PSH-02092025 -> PSH-02092025
2026-03-19 10:38:46.555 +07:00 [INF] [FleetPersistence] Saved 5 AGV(s) to C:\Users\ducbu\Documents\GitHub\ACS\src\backend\ACS.Simulator.API\bin\Debug\net8.0\data\fleet.json
2026-03-19 10:38:57.168 +07:00 [INF] AGV updated: PSH-02092024 -> PSH-02092024
2026-03-19 10:38:57.170 +07:00 [INF] [FleetPersistence] Saved 5 AGV(s) to C:\Users\ducbu\Documents\GitHub\ACS\src\backend\ACS.Simulator.API\bin\Debug\net8.0\data\fleet.json
2026-03-19 10:39:40.535 +07:00 [INF] AGV updated: PSH-02092024 -> PSH-02092024
2026-03-19 10:39:40.539 +07:00 [INF] [FleetPersistence] Saved 5 AGV(s) to C:\Users\ducbu\Documents\GitHub\ACS\src\backend\ACS.Simulator.API\bin\Debug\net8.0\data\fleet.json
2026-03-19 10:40:44.311 +07:00 [INF] AGV updated: PSH-02092025 -> PSH-02092025
2026-03-19 10:40:44.316 +07:00 [INF] [FleetPersistence] Saved 5 AGV(s) to C:\Users\ducbu\Documents\GitHub\ACS\src\backend\ACS.Simulator.API\bin\Debug\net8.0\data\fleet.json
2026-03-19 10:41:36.849 +07:00 [INF] AGV updated: PSH-02092025 -> PSH-02092025
2026-03-19 10:41:36.851 +07:00 [INF] [FleetPersistence] Saved 5 AGV(s) to C:\Users\ducbu\Documents\GitHub\ACS\src\backend\ACS.Simulator.API\bin\Debug\net8.0\data\fleet.json
2026-03-19 10:43:13.216 +07:00 [INF] AGV updated: PSH-02092025 -> PSH-02092025
2026-03-19 10:43:13.218 +07:00 [INF] [FleetPersistence] Saved 5 AGV(s) to C:\Users\ducbu\Documents\GitHub\ACS\src\backend\ACS.Simulator.API\bin\Debug\net8.0\data\fleet.json
2026-03-19 10:43:15.252 +07:00 [INF] AGV updated: PSH-02092024 -> PSH-02092024
2026-03-19 10:43:15.254 +07:00 [INF] [FleetPersistence] Saved 5 AGV(s) to C:\Users\ducbu\Documents\GitHub\ACS\src\backend\ACS.Simulator.API\bin\Debug\net8.0\data\fleet.json
2026-03-19 10:47:17.646 +07:00 [INF] [FleetPersistence] Saved 5 AGV(s) to C:\Users\ducbu\Documents\GitHub\ACS\src\backend\ACS.Simulator.API\bin\Debug\net8.0\data\fleet.json
2026-03-19 10:47:32.547 +07:00 [INF] AGV updated: PSH-02092022 -> PSH-02092022
2026-03-19 10:47:32.549 +07:00 [INF] [FleetPersistence] Saved 5 AGV(s) to C:\Users\ducbu\Documents\GitHub\ACS\src\backend\ACS.Simulator.API\bin\Debug\net8.0\data\fleet.json
2026-03-19 10:47:46.447 +07:00 [INF] AGV updated: PSH-02092022 -> PSH-02092022
2026-03-19 10:47:46.449 +07:00 [INF] [FleetPersistence] Saved 5 AGV(s) to C:\Users\ducbu\Documents\GitHub\ACS\src\backend\ACS.Simulator.API\bin\Debug\net8.0\data\fleet.json
2026-03-19 11:30:28.201 +07:00 [INF] ACS Simulator API starting on port 9060...
2026-03-19 11:30:28.491 +07:00 [INF] [FleetPersistence] Loaded 5 AGV(s) from C:\Users\ducbu\Documents\GitHub\ACS\src\backend\ACS.Simulator.API\bin\Debug\net8.0\data\fleet.json (saved at "2026-03-19T03:47:46.4487205Z")
2026-03-19 11:30:28.517 +07:00 [INF] [FleetRestore] Restoring 5 AGV(s)...
2026-03-19 11:30:28.584 +07:00 [INF] AGV created: PSH-02092021
2026-03-19 11:30:28.626 +07:00 [INF] [FleetPersistence] Saved 1 AGV(s) to C:\Users\ducbu\Documents\GitHub\ACS\src\backend\ACS.Simulator.API\bin\Debug\net8.0\data\fleet.json
2026-03-19 11:30:28.845 +07:00 [INF] [FleetRestore] AGV PSH-02092021 restored and started
2026-03-19 11:30:28.862 +07:00 [INF] AGV created: PSH-02092022
2026-03-19 11:30:28.868 +07:00 [INF] [FleetPersistence] Saved 2 AGV(s) to C:\Users\ducbu\Documents\GitHub\ACS\src\backend\ACS.Simulator.API\bin\Debug\net8.0\data\fleet.json
2026-03-19 11:30:28.868 +07:00 [INF] [FleetRestore] AGV PSH-02092022 restored (not auto-started)
2026-03-19 11:30:28.879 +07:00 [INF] AGV created: PSH-02092023
2026-03-19 11:30:28.891 +07:00 [INF] [FleetPersistence] Saved 3 AGV(s) to C:\Users\ducbu\Documents\GitHub\ACS\src\backend\ACS.Simulator.API\bin\Debug\net8.0\data\fleet.json
2026-03-19 11:30:28.905 +07:00 [INF] [FleetRestore] AGV PSH-02092023 restored and started
2026-03-19 11:30:28.911 +07:00 [INF] AGV created: PSH-02092024
2026-03-19 11:30:28.919 +07:00 [INF] [FleetPersistence] Saved 4 AGV(s) to C:\Users\ducbu\Documents\GitHub\ACS\src\backend\ACS.Simulator.API\bin\Debug\net8.0\data\fleet.json
2026-03-19 11:30:28.919 +07:00 [INF] [FleetRestore] AGV PSH-02092024 restored (not auto-started)
2026-03-19 11:30:28.932 +07:00 [INF] AGV created: PSH-02092025
2026-03-19 11:30:28.944 +07:00 [INF] [FleetRestore] AGV PSH-02092025 restored (not auto-started)
2026-03-19 11:30:28.945 +07:00 [INF] [FleetPersistence] Saved 5 AGV(s) to C:\Users\ducbu\Documents\GitHub\ACS\src\backend\ACS.Simulator.API\bin\Debug\net8.0\data\fleet.json
2026-03-19 11:30:28.951 +07:00 [INF] [FleetRestore] Fleet restoration complete
2026-03-19 11:30:28.974 +07:00 [INF] [SimulatorBroadcast] Service starting with adaptive interval (150ms / 3000ms)
