2026-03-18 21:56:54.876 +07:00 [INF] ACS Simulator API starting on port 9060...
2026-03-18 21:56:54.941 +07:00 [INF] [FleetPersistence] Loaded 3 AGV(s) from C:\Users\ducbu\Documents\GitHub\ACS\src\backend\ACS.Simulator.API\bin\Debug\net8.0\data\fleet.json (saved at "2026-03-17T12:29:32.2927832Z")
2026-03-18 21:56:54.946 +07:00 [INF] [FleetRestore] Restoring 3 AGV(s)...
2026-03-18 21:56:54.956 +07:00 [INF] AGV created: PSH-02092021
2026-03-18 21:56:54.966 +07:00 [INF] [FleetPersistence] Saved 1 AGV(s) to C:\Users\ducbu\Documents\GitHub\ACS\src\backend\ACS.Simulator.API\bin\Debug\net8.0\data\fleet.json
2026-03-18 21:56:54.966 +07:00 [INF] [FleetRestore] AGV PSH-02092021 restored (not auto-started)
2026-03-18 21:56:54.972 +07:00 [INF] AGV created: PSH-02092022
2026-03-18 21:56:54.982 +07:00 [INF] [FleetPersistence] Saved 2 AGV(s) to C:\Users\ducbu\Documents\GitHub\ACS\src\backend\ACS.Simulator.API\bin\Debug\net8.0\data\fleet.json
2026-03-18 21:56:55.035 +07:00 [INF] [FleetRestore] AGV PSH-02092022 restored and started
2026-03-18 21:56:55.038 +07:00 [INF] AGV created: PSH-02092023
2026-03-18 21:56:55.040 +07:00 [INF] [FleetPersistence] Saved 3 AGV(s) to C:\Users\ducbu\Documents\GitHub\ACS\src\backend\ACS.Simulator.API\bin\Debug\net8.0\data\fleet.json
2026-03-18 21:56:55.046 +07:00 [INF] [FleetRestore] AGV PSH-02092023 restored and started
2026-03-18 21:56:55.047 +07:00 [INF] [FleetRestore] Fleet restoration complete
2026-03-18 21:56:55.054 +07:00 [INF] [SimulatorBroadcast] Service starting with adaptive interval (150ms / 3000ms)
2026-03-18 22:12:31.025 +07:00 [INF] ACS Simulator API starting on port 9060...
2026-03-18 22:12:31.104 +07:00 [INF] [FleetPersistence] Loaded 3 AGV(s) from C:\Users\ducbu\Documents\GitHub\ACS\src\backend\ACS.Simulator.API\bin\Debug\net8.0\data\fleet.json (saved at "2026-03-18T14:56:55.0391294Z")
2026-03-18 22:12:31.110 +07:00 [INF] [FleetRestore] Restoring 3 AGV(s)...
2026-03-18 22:12:31.121 +07:00 [INF] AGV created: PSH-02092021
2026-03-18 22:12:31.130 +07:00 [INF] [FleetPersistence] Saved 1 AGV(s) to C:\Users\ducbu\Documents\GitHub\ACS\src\backend\ACS.Simulator.API\bin\Debug\net8.0\data\fleet.json
2026-03-18 22:12:31.131 +07:00 [INF] [FleetRestore] AGV PSH-02092021 restored (not auto-started)
2026-03-18 22:12:31.135 +07:00 [INF] AGV created: PSH-02092022
2026-03-18 22:12:31.143 +07:00 [INF] [FleetPersistence] Saved 2 AGV(s) to C:\Users\ducbu\Documents\GitHub\ACS\src\backend\ACS.Simulator.API\bin\Debug\net8.0\data\fleet.json
2026-03-18 22:12:31.196 +07:00 [INF] [FleetRestore] AGV PSH-02092022 restored and started
2026-03-18 22:12:31.198 +07:00 [INF] AGV created: PSH-02092023
2026-03-18 22:12:31.200 +07:00 [INF] [FleetRestore] AGV PSH-02092023 restored (not auto-started)
2026-03-18 22:12:31.200 +07:00 [INF] [FleetPersistence] Saved 3 AGV(s) to C:\Users\ducbu\Documents\GitHub\ACS\src\backend\ACS.Simulator.API\bin\Debug\net8.0\data\fleet.json
2026-03-18 22:12:31.201 +07:00 [INF] [FleetRestore] Fleet restoration complete
2026-03-18 22:12:31.209 +07:00 [INF] [SimulatorBroadcast] Service starting with adaptive interval (150ms / 3000ms)
2026-03-18 22:13:29.599 +07:00 [INF] ACS Simulator API starting on port 9060...
2026-03-18 22:13:29.721 +07:00 [INF] [FleetPersistence] Loaded 3 AGV(s) from C:\Users\ducbu\Documents\GitHub\ACS\src\backend\ACS.Simulator.API\bin\Debug\net8.0\data\fleet.json (saved at "2026-03-18T15:12:31.1992606Z")
2026-03-18 22:13:29.733 +07:00 [INF] [FleetRestore] Restoring 3 AGV(s)...
2026-03-18 22:13:29.768 +07:00 [INF] AGV created: PSH-02092021
2026-03-18 22:13:29.802 +07:00 [INF] [FleetPersistence] Saved 1 AGV(s) to C:\Users\ducbu\Documents\GitHub\ACS\src\backend\ACS.Simulator.API\bin\Debug\net8.0\data\fleet.json
2026-03-18 22:13:29.804 +07:00 [INF] [FleetRestore] AGV PSH-02092021 restored (not auto-started)
2026-03-18 22:13:29.829 +07:00 [INF] AGV created: PSH-02092022
2026-03-18 22:13:29.835 +07:00 [INF] [FleetPersistence] Saved 2 AGV(s) to C:\Users\ducbu\Documents\GitHub\ACS\src\backend\ACS.Simulator.API\bin\Debug\net8.0\data\fleet.json
2026-03-18 22:13:29.966 +07:00 [INF] [FleetRestore] AGV PSH-02092022 restored and started
2026-03-18 22:13:29.971 +07:00 [INF] AGV created: PSH-02092023
2026-03-18 22:13:29.974 +07:00 [INF] [FleetRestore] AGV PSH-02092023 restored (not auto-started)
2026-03-18 22:13:29.974 +07:00 [INF] [FleetPersistence] Saved 3 AGV(s) to C:\Users\ducbu\Documents\GitHub\ACS\src\backend\ACS.Simulator.API\bin\Debug\net8.0\data\fleet.json
2026-03-18 22:13:29.977 +07:00 [INF] [FleetRestore] Fleet restoration complete
2026-03-18 22:13:29.994 +07:00 [INF] [SimulatorBroadcast] Service starting with adaptive interval (150ms / 3000ms)
2026-03-18 22:14:06.929 +07:00 [INF] AGV updated: PSH-02092022 -> PSH-02092022
2026-03-18 22:14:06.932 +07:00 [INF] [FleetPersistence] Saved 3 AGV(s) to C:\Users\ducbu\Documents\GitHub\ACS\src\backend\ACS.Simulator.API\bin\Debug\net8.0\data\fleet.json
2026-03-18 22:16:04.311 +07:00 [INF] ACS Simulator API starting on port 9060...
2026-03-18 22:16:04.370 +07:00 [INF] [FleetPersistence] Loaded 3 AGV(s) from C:\Users\ducbu\Documents\GitHub\ACS\src\backend\ACS.Simulator.API\bin\Debug\net8.0\data\fleet.json (saved at "2026-03-18T15:14:06.9315558Z")
2026-03-18 22:16:04.375 +07:00 [INF] [FleetRestore] Restoring 3 AGV(s)...
2026-03-18 22:16:04.389 +07:00 [INF] AGV created: PSH-02092021
2026-03-18 22:16:04.397 +07:00 [INF] [FleetPersistence] Saved 1 AGV(s) to C:\Users\ducbu\Documents\GitHub\ACS\src\backend\ACS.Simulator.API\bin\Debug\net8.0\data\fleet.json
2026-03-18 22:16:04.454 +07:00 [INF] [FleetRestore] AGV PSH-02092021 restored and started
2026-03-18 22:16:04.461 +07:00 [INF] AGV created: PSH-02092022
2026-03-18 22:16:04.463 +07:00 [INF] [FleetPersistence] Saved 2 AGV(s) to C:\Users\ducbu\Documents\GitHub\ACS\src\backend\ACS.Simulator.API\bin\Debug\net8.0\data\fleet.json
2026-03-18 22:16:04.464 +07:00 [INF] [FleetRestore] AGV PSH-02092022 restored (not auto-started)
2026-03-18 22:16:04.467 +07:00 [INF] AGV created: PSH-02092023
2026-03-18 22:16:04.477 +07:00 [INF] [FleetPersistence] Saved 3 AGV(s) to C:\Users\ducbu\Documents\GitHub\ACS\src\backend\ACS.Simulator.API\bin\Debug\net8.0\data\fleet.json
2026-03-18 22:16:04.483 +07:00 [INF] [FleetRestore] AGV PSH-02092023 restored and started
2026-03-18 22:16:04.484 +07:00 [INF] [FleetRestore] Fleet restoration complete
2026-03-18 22:16:04.494 +07:00 [INF] [SimulatorBroadcast] Service starting with adaptive interval (150ms / 3000ms)
2026-03-18 22:18:05.854 +07:00 [INF] AGV updated: PSH-02092021 -> PSH-02092021
2026-03-18 22:18:05.858 +07:00 [INF] [FleetPersistence] Saved 3 AGV(s) to C:\Users\ducbu\Documents\GitHub\ACS\src\backend\ACS.Simulator.API\bin\Debug\net8.0\data\fleet.json
2026-03-18 22:18:08.063 +07:00 [ERR] An unhandled exception has occurred while executing the request.
System.InvalidOperationException: It is not allowed to connect with a server after the connection is established.
   at MQTTnet.Client.MqttClient.ThrowIfConnected(String message)
   at MQTTnet.Client.MqttClient.ConnectAsync(MqttClientOptions options, CancellationToken cancellationToken)
   at ACS.Simulator.API.Core.Services.VirtualAgv.ConnectAsync() in C:\Users\ducbu\Documents\GitHub\ACS\src\backend\ACS.Simulator.API\Core\Services\VirtualAgv.cs:line 306
   at ACS.Simulator.API.Services.SimulatorService.StartAgvAsync(String id) in C:\Users\ducbu\Documents\GitHub\ACS\src\backend\ACS.Simulator.API\Services\SimulatorService.cs:line 164
   at ACS.Simulator.API.Controllers.AgvController.Start(String id) in C:\Users\ducbu\Documents\GitHub\ACS\src\backend\ACS.Simulator.API\Controllers\AgvController.cs:line 43
   at Microsoft.AspNetCore.Mvc.Infrastructure.ActionMethodExecutor.TaskOfIActionResultExecutor.Execute(ActionContext actionContext, IActionResultTypeMapper mapper, ObjectMethodExecutor executor, Object controller, Object[] arguments)
   at Microsoft.AspNetCore.Mvc.Infrastructure.ControllerActionInvoker.<InvokeActionMethodAsync>g__Awaited|12_0(ControllerActionInvoker invoker, ValueTask`1 actionResultValueTask)
   at Microsoft.AspNetCore.Mvc.Infrastructure.ControllerActionInvoker.<InvokeNextActionFilterAsync>g__Awaited|10_0(ControllerActionInvoker invoker, Task lastTask, State next, Scope scope, Object state, Boolean isCompleted)
   at Microsoft.AspNetCore.Mvc.Infrastructure.ControllerActionInvoker.Rethrow(ActionExecutedContextSealed context)
   at Microsoft.AspNetCore.Mvc.Infrastructure.ControllerActionInvoker.Next(State& next, Scope& scope, Object& state, Boolean& isCompleted)
   at Microsoft.AspNetCore.Mvc.Infrastructure.ControllerActionInvoker.InvokeInnerFilterAsync()
--- End of stack trace from previous location ---
   at Microsoft.AspNetCore.Mvc.Infrastructure.ResourceInvoker.<InvokeFilterPipelineAsync>g__Awaited|20_0(ResourceInvoker invoker, Task lastTask, State next, Scope scope, Object state, Boolean isCompleted)
   at Microsoft.AspNetCore.Mvc.Infrastructure.ResourceInvoker.<InvokeAsync>g__Awaited|17_0(ResourceInvoker invoker, Task task, IDisposable scope)
   at Microsoft.AspNetCore.Mvc.Infrastructure.ResourceInvoker.<InvokeAsync>g__Awaited|17_0(ResourceInvoker invoker, Task task, IDisposable scope)
   at Swashbuckle.AspNetCore.SwaggerUI.SwaggerUIMiddleware.Invoke(HttpContext httpContext)
   at Swashbuckle.AspNetCore.Swagger.SwaggerMiddleware.Invoke(HttpContext httpContext, ISwaggerProvider swaggerProvider)
   at Microsoft.AspNetCore.Authorization.AuthorizationMiddleware.Invoke(HttpContext context)
   at Microsoft.AspNetCore.Authentication.AuthenticationMiddleware.Invoke(HttpContext context)
   at Microsoft.AspNetCore.Diagnostics.DeveloperExceptionPageMiddlewareImpl.Invoke(HttpContext context)
2026-03-18 23:09:51.256 +07:00 [INF] AGV updated: PSH-02092023 -> PSH-02092023
2026-03-18 23:09:51.262 +07:00 [INF] [FleetPersistence] Saved 3 AGV(s) to C:\Users\ducbu\Documents\GitHub\ACS\src\backend\ACS.Simulator.API\bin\Debug\net8.0\data\fleet.json
