2026-03-26 14:20:31.093 +07:00 [WRN] The WebRootPath was not found: C:\Users\ducbu\Documents\GitHub\ACS\src\backend\ACS.Simulator.API\wwwroot. Static files may be unavailable.
2026-03-26 14:20:31.146 +07:00 [INF] ACS Simulator API starting on port 9060...
2026-03-26 14:20:31.254 +07:00 [INF] [FleetPersistence] Loaded 5 AGV(s) from C:\Users\ducbu\Documents\GitHub\ACS\src\backend\ACS.Simulator.API\bin\Debug\net8.0\data\fleet.json (saved at "2026-03-23T02:36:20.7581553Z")
2026-03-26 14:20:31.259 +07:00 [INF] [FleetRestore] Restoring 5 AGV(s)...
2026-03-26 14:20:31.287 +07:00 [INF] AGV created: PSH-02092021
2026-03-26 14:20:31.309 +07:00 [INF] [FleetPersistence] Saved 1 AGV(s) to C:\Users\ducbu\Documents\GitHub\ACS\src\backend\ACS.Simulator.API\bin\Debug\net8.0\data\fleet.json
2026-03-26 14:20:31.387 +07:00 [INF] [FleetRestore] AGV PSH-02092021 restored and started
2026-03-26 14:20:31.392 +07:00 [INF] AGV created: PSH-02092022
2026-03-26 14:20:31.395 +07:00 [INF] [FleetPersistence] Saved 2 AGV(s) to C:\Users\ducbu\Documents\GitHub\ACS\src\backend\ACS.Simulator.API\bin\Debug\net8.0\data\fleet.json
2026-03-26 14:20:31.403 +07:00 [INF] [FleetRestore] AGV PSH-02092022 restored and started
2026-03-26 14:20:31.407 +07:00 [INF] AGV created: PSH-02092023
2026-03-26 14:20:31.409 +07:00 [INF] [FleetPersistence] Saved 3 AGV(s) to C:\Users\ducbu\Documents\GitHub\ACS\src\backend\ACS.Simulator.API\bin\Debug\net8.0\data\fleet.json
2026-03-26 14:20:31.409 +07:00 [INF] [FleetRestore] AGV PSH-02092023 restored (not auto-started)
2026-03-26 14:20:31.413 +07:00 [INF] AGV created: PSH-02092024
2026-03-26 14:20:31.421 +07:00 [INF] [FleetRestore] AGV PSH-02092024 restored (not auto-started)
2026-03-26 14:20:31.421 +07:00 [INF] [FleetPersistence] Saved 4 AGV(s) to C:\Users\ducbu\Documents\GitHub\ACS\src\backend\ACS.Simulator.API\bin\Debug\net8.0\data\fleet.json
2026-03-26 14:20:31.424 +07:00 [INF] AGV created: PSH-02092025
2026-03-26 14:20:31.435 +07:00 [INF] [FleetPersistence] Saved 5 AGV(s) to C:\Users\ducbu\Documents\GitHub\ACS\src\backend\ACS.Simulator.API\bin\Debug\net8.0\data\fleet.json
2026-03-26 14:20:31.435 +07:00 [INF] [FleetRestore] AGV PSH-02092025 restored (not auto-started)
2026-03-26 14:20:31.438 +07:00 [INF] [FleetRestore] Fleet restoration complete
2026-03-26 14:20:31.450 +07:00 [INF] [SimulatorBroadcast] Service starting with adaptive interval (150ms / 3000ms)
2026-03-26 14:20:31.465 +07:00 [WRN] The WebRootPath was not found: C:\Users\ducbu\Documents\GitHub\ACS\src\backend\ACS.Simulator.API\wwwroot. Static files may be unavailable.
2026-03-26 14:30:03.613 +07:00 [ERR] An unhandled exception has occurred while executing the request.
System.InvalidOperationException: It is not allowed to connect with a server after the connection is established.
   at MQTTnet.Client.MqttClient.ThrowIfConnected(String message)
   at MQTTnet.Client.MqttClient.ConnectAsync(MqttClientOptions options, CancellationToken cancellationToken)
   at ACS.Simulator.API.Core.Services.VirtualAgv.ConnectAsync() in C:\Users\ducbu\Documents\GitHub\ACS\src\backend\ACS.Simulator.API\Core\Services\VirtualAgv.cs:line 306
   at ACS.Simulator.API.Services.SimulatorService.StartAgvAsync(String id) in C:\Users\ducbu\Documents\GitHub\ACS\src\backend\ACS.Simulator.API\Services\SimulatorService.cs:line 164
   at ACS.Simulator.API.Controllers.AgvController.Start(String id) in C:\Users\ducbu\Documents\GitHub\ACS\src\backend\ACS.Simulator.API\Controllers\AgvController.cs:line 43
   at Microsoft.AspNetCore.Mvc.Infrastructure.ActionMethodExecutor.TaskOfIActionResultExecutor.Execute(ActionContext actionContext, IActionResultTypeMapper mapper, ObjectMethodExecutor executor, Object controller, Object[] arguments)
   at Microsoft.AspNetCore.Mvc.Infrastructure.ControllerActionInvoker.<InvokeActionMethodAsync>g__Awaited|12_0(ControllerActionInvoker invoker, ValueTask`1 actionResultValueTask)
   at Microsoft.AspNetCore.Mvc.Infrastructure.ControllerActionInvoker.<InvokeNextActionFilterAsync>g__Awaited|10_0(ControllerActionInvoker invoker, Task lastTask, State next, Scope scope, Object state, Boolean isCompleted)
   at Microsoft.AspNetCore.Mvc.Infrastructure.ControllerActionInvoker.Rethrow(ActionExecutedContextSealed context)
   at Microsoft.AspNetCore.Mvc.Infrastructure.ControllerActionInvoker.Next(State& next, Scope& scope, Object& state, Boolean& isCompleted)
   at Microsoft.AspNetCore.Mvc.Infrastructure.ControllerActionInvoker.InvokeInnerFilterAsync()
--- End of stack trace from previous location ---
   at Microsoft.AspNetCore.Mvc.Infrastructure.ResourceInvoker.<InvokeFilterPipelineAsync>g__Awaited|20_0(ResourceInvoker invoker, Task lastTask, State next, Scope scope, Object state, Boolean isCompleted)
   at Microsoft.AspNetCore.Mvc.Infrastructure.ResourceInvoker.<InvokeAsync>g__Awaited|17_0(ResourceInvoker invoker, Task task, IDisposable scope)
   at Microsoft.AspNetCore.Mvc.Infrastructure.ResourceInvoker.<InvokeAsync>g__Awaited|17_0(ResourceInvoker invoker, Task task, IDisposable scope)
   at Swashbuckle.AspNetCore.SwaggerUI.SwaggerUIMiddleware.Invoke(HttpContext httpContext)
   at Swashbuckle.AspNetCore.Swagger.SwaggerMiddleware.Invoke(HttpContext httpContext, ISwaggerProvider swaggerProvider)
   at Microsoft.AspNetCore.Authorization.AuthorizationMiddleware.Invoke(HttpContext context)
   at Microsoft.AspNetCore.Authentication.AuthenticationMiddleware.Invoke(HttpContext context)
   at Microsoft.AspNetCore.Diagnostics.DeveloperExceptionPageMiddlewareImpl.Invoke(HttpContext context)
2026-03-26 14:30:08.376 +07:00 [INF] AGV updated: PSH-02092021 -> PSH-02092021
2026-03-26 14:30:08.379 +07:00 [INF] [FleetPersistence] Saved 5 AGV(s) to C:\Users\ducbu\Documents\GitHub\ACS\src\backend\ACS.Simulator.API\bin\Debug\net8.0\data\fleet.json
2026-03-26 16:18:15.483 +07:00 [INF] AGV updated: PSH-02092021 -> PSH-02092021
2026-03-26 16:18:15.498 +07:00 [INF] [FleetPersistence] Saved 5 AGV(s) to C:\Users\ducbu\Documents\GitHub\ACS\src\backend\ACS.Simulator.API\bin\Debug\net8.0\data\fleet.json
2026-03-26 17:04:34.057 +07:00 [INF] AGV updated: PSH-02092022 -> PSH-02092022
2026-03-26 17:04:34.071 +07:00 [INF] [FleetPersistence] Saved 5 AGV(s) to C:\Users\ducbu\Documents\GitHub\ACS\src\backend\ACS.Simulator.API\bin\Debug\net8.0\data\fleet.json
2026-03-26 17:05:06.306 +07:00 [INF] AGV updated: PSH-02092022 -> PSH-02092022
2026-03-26 17:05:06.309 +07:00 [INF] [FleetPersistence] Saved 5 AGV(s) to C:\Users\ducbu\Documents\GitHub\ACS\src\backend\ACS.Simulator.API\bin\Debug\net8.0\data\fleet.json
2026-03-26 17:05:24.732 +07:00 [INF] AGV updated: PSH-02092022 -> PSH-02092022
2026-03-26 17:05:24.736 +07:00 [INF] [FleetPersistence] Saved 5 AGV(s) to C:\Users\ducbu\Documents\GitHub\ACS\src\backend\ACS.Simulator.API\bin\Debug\net8.0\data\fleet.json
2026-03-26 17:05:37.661 +07:00 [INF] AGV updated: PSH-02092021 -> PSH-02092021
2026-03-26 17:05:37.666 +07:00 [INF] [FleetPersistence] Saved 5 AGV(s) to C:\Users\ducbu\Documents\GitHub\ACS\src\backend\ACS.Simulator.API\bin\Debug\net8.0\data\fleet.json
2026-03-26 17:08:35.359 +07:00 [INF] AGV updated: PSH-02092021 -> PSH-02092021
2026-03-26 17:08:36.023 +07:00 [INF] [FleetPersistence] Saved 5 AGV(s) to C:\Users\ducbu\Documents\GitHub\ACS\src\backend\ACS.Simulator.API\bin\Debug\net8.0\data\fleet.json
