2026-03-23 09:36:20.475 +07:00 [WRN] The WebRootPath was not found: C:\Users\ducbu\Documents\GitHub\ACS\src\backend\ACS.Simulator.API\wwwroot. Static files may be unavailable.
2026-03-23 09:36:20.516 +07:00 [INF] ACS Simulator API starting on port 9060...
2026-03-23 09:36:20.598 +07:00 [INF] [FleetPersistence] Loaded 5 AGV(s) from C:\Users\ducbu\Documents\GitHub\ACS\src\backend\ACS.Simulator.API\bin\Debug\net8.0\data\fleet.json (saved at "2026-03-21T07:07:01.9131901Z")
2026-03-23 09:36:20.604 +07:00 [INF] [FleetRestore] Restoring 5 AGV(s)...
2026-03-23 09:36:20.628 +07:00 [INF] AGV created: PSH-02092021
2026-03-23 09:36:20.647 +07:00 [INF] [FleetPersistence] Saved 1 AGV(s) to C:\Users\ducbu\Documents\GitHub\ACS\src\backend\ACS.Simulator.API\bin\Debug\net8.0\data\fleet.json
2026-03-23 09:36:20.712 +07:00 [INF] [FleetRestore] AGV PSH-02092021 restored and started
2026-03-23 09:36:20.719 +07:00 [INF] AGV created: PSH-02092022
2026-03-23 09:36:20.723 +07:00 [INF] [FleetPersistence] Saved 2 AGV(s) to C:\Users\ducbu\Documents\GitHub\ACS\src\backend\ACS.Simulator.API\bin\Debug\net8.0\data\fleet.json
2026-03-23 09:36:20.729 +07:00 [INF] [FleetRestore] AGV PSH-02092022 restored and started
2026-03-23 09:36:20.732 +07:00 [INF] AGV created: PSH-02092023
2026-03-23 09:36:20.736 +07:00 [INF] [FleetPersistence] Saved 3 AGV(s) to C:\Users\ducbu\Documents\GitHub\ACS\src\backend\ACS.Simulator.API\bin\Debug\net8.0\data\fleet.json
2026-03-23 09:36:20.736 +07:00 [INF] [FleetRestore] AGV PSH-02092023 restored (not auto-started)
2026-03-23 09:36:20.741 +07:00 [INF] AGV created: PSH-02092024
2026-03-23 09:36:20.753 +07:00 [INF] [FleetRestore] AGV PSH-02092024 restored (not auto-started)
2026-03-23 09:36:20.753 +07:00 [INF] [FleetPersistence] Saved 4 AGV(s) to C:\Users\ducbu\Documents\GitHub\ACS\src\backend\ACS.Simulator.API\bin\Debug\net8.0\data\fleet.json
2026-03-23 09:36:20.756 +07:00 [INF] AGV created: PSH-02092025
2026-03-23 09:36:20.768 +07:00 [INF] [FleetRestore] AGV PSH-02092025 restored (not auto-started)
2026-03-23 09:36:20.768 +07:00 [INF] [FleetPersistence] Saved 5 AGV(s) to C:\Users\ducbu\Documents\GitHub\ACS\src\backend\ACS.Simulator.API\bin\Debug\net8.0\data\fleet.json
2026-03-23 09:36:20.769 +07:00 [INF] [FleetRestore] Fleet restoration complete
2026-03-23 09:36:20.786 +07:00 [INF] [SimulatorBroadcast] Service starting with adaptive interval (150ms / 3000ms)
2026-03-23 09:36:20.801 +07:00 [WRN] The WebRootPath was not found: C:\Users\ducbu\Documents\GitHub\ACS\src\backend\ACS.Simulator.API\wwwroot. Static files may be unavailable.
