2026-03-16 10:17:41.730 +07:00 [INF] ACS Simulator API starting on port 9060...
2026-03-16 10:17:41.787 +07:00 [INF] [FleetPersistence] Loaded 3 AGV(s) from C:\Users\ducbu\Documents\GitHub\ACS\src\backend\ACS.Simulator.API\bin\Debug\net8.0\data\fleet.json (saved at "2026-03-15T16:30:12.7742671Z")
2026-03-16 10:17:41.793 +07:00 [INF] [FleetRestore] Restoring 3 AGV(s)...
2026-03-16 10:17:41.804 +07:00 [INF] AGV created: PSH-02092021
2026-03-16 10:17:41.813 +07:00 [INF] [FleetPersistence] Saved 1 AGV(s) to C:\Users\ducbu\Documents\GitHub\ACS\src\backend\ACS.Simulator.API\bin\Debug\net8.0\data\fleet.json
2026-03-16 10:17:41.865 +07:00 [INF] [FleetRestore] AGV PSH-02092021 restored and started
2026-03-16 10:17:41.869 +07:00 [INF] AGV created: PSH-02092022
2026-03-16 10:17:41.871 +07:00 [INF] [FleetPersistence] Saved 2 AGV(s) to C:\Users\ducbu\Documents\GitHub\ACS\src\backend\ACS.Simulator.API\bin\Debug\net8.0\data\fleet.json
2026-03-16 10:17:41.875 +07:00 [INF] [FleetRestore] AGV PSH-02092022 restored and started
2026-03-16 10:17:41.877 +07:00 [INF] AGV created: PSH-02092023
2026-03-16 10:17:41.885 +07:00 [INF] [FleetPersistence] Saved 3 AGV(s) to C:\Users\ducbu\Documents\GitHub\ACS\src\backend\ACS.Simulator.API\bin\Debug\net8.0\data\fleet.json
2026-03-16 10:17:41.885 +07:00 [INF] [FleetRestore] AGV PSH-02092023 restored (not auto-started)
2026-03-16 10:17:41.887 +07:00 [INF] [FleetRestore] Fleet restoration complete
2026-03-16 10:17:41.893 +07:00 [INF] [SimulatorBroadcast] Service starting with adaptive interval (150ms / 3000ms)
2026-03-16 14:25:24.176 +07:00 [INF] ACS Simulator API starting on port 9060...
2026-03-16 14:25:24.237 +07:00 [INF] [FleetPersistence] Loaded 3 AGV(s) from C:\Users\ducbu\Documents\GitHub\ACS\src\backend\ACS.Simulator.API\bin\Debug\net8.0\data\fleet.json (saved at "2026-03-16T03:17:41.8780072Z")
2026-03-16 14:25:24.241 +07:00 [INF] [FleetRestore] Restoring 3 AGV(s)...
2026-03-16 14:25:24.249 +07:00 [INF] AGV created: PSH-02092021
2026-03-16 14:25:24.256 +07:00 [INF] [FleetPersistence] Saved 1 AGV(s) to C:\Users\ducbu\Documents\GitHub\ACS\src\backend\ACS.Simulator.API\bin\Debug\net8.0\data\fleet.json
2026-03-16 14:25:24.295 +07:00 [INF] [FleetRestore] AGV PSH-02092021 restored and started
2026-03-16 14:25:24.298 +07:00 [INF] AGV created: PSH-02092022
2026-03-16 14:25:24.300 +07:00 [INF] [FleetPersistence] Saved 2 AGV(s) to C:\Users\ducbu\Documents\GitHub\ACS\src\backend\ACS.Simulator.API\bin\Debug\net8.0\data\fleet.json
2026-03-16 14:25:24.303 +07:00 [INF] [FleetRestore] AGV PSH-02092022 restored and started
2026-03-16 14:25:24.304 +07:00 [INF] AGV created: PSH-02092023
2026-03-16 14:25:24.315 +07:00 [INF] [FleetPersistence] Saved 3 AGV(s) to C:\Users\ducbu\Documents\GitHub\ACS\src\backend\ACS.Simulator.API\bin\Debug\net8.0\data\fleet.json
2026-03-16 14:25:24.315 +07:00 [INF] [FleetRestore] AGV PSH-02092023 restored (not auto-started)
2026-03-16 14:25:24.316 +07:00 [INF] [FleetRestore] Fleet restoration complete
2026-03-16 14:25:24.324 +07:00 [INF] [SimulatorBroadcast] Service starting with adaptive interval (150ms / 3000ms)
2026-03-16 14:33:08.026 +07:00 [INF] [FleetPersistence] Saved 3 AGV(s) to C:\Users\ducbu\Documents\GitHub\ACS\src\backend\ACS.Simulator.API\bin\Debug\net8.0\data\fleet.json
2026-03-16 14:33:47.367 +07:00 [INF] AGV updated: PSH-02092021 -> PSH-02092021
2026-03-16 14:33:47.372 +07:00 [INF] [FleetPersistence] Saved 3 AGV(s) to C:\Users\ducbu\Documents\GitHub\ACS\src\backend\ACS.Simulator.API\bin\Debug\net8.0\data\fleet.json
2026-03-16 14:34:15.450 +07:00 [INF] AGV updated: PSH-02092021 -> PSH-02092021
2026-03-16 14:34:15.453 +07:00 [INF] [FleetPersistence] Saved 3 AGV(s) to C:\Users\ducbu\Documents\GitHub\ACS\src\backend\ACS.Simulator.API\bin\Debug\net8.0\data\fleet.json
2026-03-16 14:59:25.235 +07:00 [INF] ACS Simulator API starting on port 9060...
2026-03-16 14:59:25.367 +07:00 [INF] [FleetPersistence] Loaded 3 AGV(s) from C:\Users\ducbu\Documents\GitHub\ACS\src\backend\ACS.Simulator.API\bin\Debug\net8.0\data\fleet.json (saved at "2026-03-16T07:34:15.4520577Z")
2026-03-16 14:59:25.380 +07:00 [INF] [FleetRestore] Restoring 3 AGV(s)...
2026-03-16 14:59:25.409 +07:00 [INF] AGV created: PSH-02092021
2026-03-16 14:59:25.433 +07:00 [INF] [FleetPersistence] Saved 1 AGV(s) to C:\Users\ducbu\Documents\GitHub\ACS\src\backend\ACS.Simulator.API\bin\Debug\net8.0\data\fleet.json
2026-03-16 14:59:25.437 +07:00 [INF] [FleetRestore] AGV PSH-02092021 restored (not auto-started)
2026-03-16 14:59:25.449 +07:00 [INF] AGV created: PSH-02092022
2026-03-16 14:59:25.458 +07:00 [INF] [FleetPersistence] Saved 2 AGV(s) to C:\Users\ducbu\Documents\GitHub\ACS\src\backend\ACS.Simulator.API\bin\Debug\net8.0\data\fleet.json
2026-03-16 14:59:25.584 +07:00 [INF] [FleetRestore] AGV PSH-02092022 restored and started
2026-03-16 14:59:25.589 +07:00 [INF] AGV created: PSH-02092023
2026-03-16 14:59:25.592 +07:00 [INF] [FleetPersistence] Saved 3 AGV(s) to C:\Users\ducbu\Documents\GitHub\ACS\src\backend\ACS.Simulator.API\bin\Debug\net8.0\data\fleet.json
2026-03-16 14:59:25.605 +07:00 [INF] [FleetRestore] AGV PSH-02092023 restored and started
2026-03-16 14:59:25.607 +07:00 [INF] [FleetRestore] Fleet restoration complete
2026-03-16 14:59:25.626 +07:00 [INF] [SimulatorBroadcast] Service starting with adaptive interval (150ms / 3000ms)
2026-03-16 18:23:38.089 +07:00 [INF] ACS Simulator API starting on port 9060...
2026-03-16 18:23:38.145 +07:00 [INF] [FleetPersistence] Loaded 3 AGV(s) from C:\Users\ducbu\Documents\GitHub\ACS\src\backend\ACS.Simulator.API\bin\Debug\net8.0\data\fleet.json (saved at "2026-03-16T07:59:25.5913787Z")
2026-03-16 18:23:38.149 +07:00 [INF] [FleetRestore] Restoring 3 AGV(s)...
2026-03-16 18:23:38.157 +07:00 [INF] AGV created: PSH-02092021
2026-03-16 18:23:38.164 +07:00 [INF] [FleetPersistence] Saved 1 AGV(s) to C:\Users\ducbu\Documents\GitHub\ACS\src\backend\ACS.Simulator.API\bin\Debug\net8.0\data\fleet.json
2026-03-16 18:23:38.165 +07:00 [INF] [FleetRestore] AGV PSH-02092021 restored (not auto-started)
2026-03-16 18:23:38.168 +07:00 [INF] AGV created: PSH-02092022
2026-03-16 18:23:38.180 +07:00 [INF] [FleetPersistence] Saved 2 AGV(s) to C:\Users\ducbu\Documents\GitHub\ACS\src\backend\ACS.Simulator.API\bin\Debug\net8.0\data\fleet.json
2026-03-16 18:23:38.223 +07:00 [INF] [FleetRestore] AGV PSH-02092022 restored and started
2026-03-16 18:23:38.224 +07:00 [INF] AGV created: PSH-02092023
2026-03-16 18:23:38.226 +07:00 [INF] [FleetPersistence] Saved 3 AGV(s) to C:\Users\ducbu\Documents\GitHub\ACS\src\backend\ACS.Simulator.API\bin\Debug\net8.0\data\fleet.json
2026-03-16 18:23:38.226 +07:00 [INF] [FleetRestore] AGV PSH-02092023 restored (not auto-started)
2026-03-16 18:23:38.227 +07:00 [INF] [FleetRestore] Fleet restoration complete
2026-03-16 18:23:38.233 +07:00 [INF] [SimulatorBroadcast] Service starting with adaptive interval (150ms / 3000ms)
