2026-03-06 08:48:51.234 +07:00 [INF] ACS Simulator API starting on port 9060...
2026-03-06 08:48:51.324 +07:00 [INF] [FleetPersistence] Loaded 3 AGV(s) from C:\Users\ducbu\Documents\GitHub\ACS\src\backend\ACS.Simulator.API\bin\Debug\net8.0\data\fleet.json (saved at "2026-03-05T16:40:38.6696311Z")
2026-03-06 08:48:51.336 +07:00 [INF] [FleetRestore] Restoring 3 AGV(s)...
2026-03-06 08:48:51.357 +07:00 [INF] AGV created: PSH-02092021
2026-03-06 08:48:51.374 +07:00 [INF] [FleetPersistence] Saved 1 AGV(s) to C:\Users\ducbu\Documents\GitHub\ACS\src\backend\ACS.Simulator.API\bin\Debug\net8.0\data\fleet.json
2026-03-06 08:48:51.451 +07:00 [INF] [FleetRestore] AGV PSH-02092021 restored and started
2026-03-06 08:48:51.459 +07:00 [INF] AGV created: PSH-02092022
2026-03-06 08:48:51.463 +07:00 [INF] [FleetPersistence] Saved 2 AGV(s) to C:\Users\ducbu\Documents\GitHub\ACS\src\backend\ACS.Simulator.API\bin\Debug\net8.0\data\fleet.json
2026-03-06 08:48:51.469 +07:00 [INF] [FleetRestore] AGV PSH-02092022 restored and started
2026-03-06 08:48:51.473 +07:00 [INF] AGV created: PSH-02092023
2026-03-06 08:48:51.487 +07:00 [INF] [FleetPersistence] Saved 3 AGV(s) to C:\Users\ducbu\Documents\GitHub\ACS\src\backend\ACS.Simulator.API\bin\Debug\net8.0\data\fleet.json
2026-03-06 08:48:51.490 +07:00 [INF] [FleetRestore] AGV PSH-02092023 restored and started
2026-03-06 08:48:51.493 +07:00 [INF] [FleetRestore] Fleet restoration complete
2026-03-06 08:48:51.504 +07:00 [INF] [SimulatorBroadcast] Service starting with adaptive interval (150ms / 3000ms)
2026-03-06 09:15:41.761 +07:00 [INF] [FleetPersistence] Saved 3 AGV(s) to C:\Users\ducbu\Documents\GitHub\ACS\src\backend\ACS.Simulator.API\bin\Debug\net8.0\data\fleet.json
2026-03-06 09:15:45.848 +07:00 [INF] [FleetPersistence] Saved 3 AGV(s) to C:\Users\ducbu\Documents\GitHub\ACS\src\backend\ACS.Simulator.API\bin\Debug\net8.0\data\fleet.json
2026-03-06 09:15:59.493 +07:00 [INF] [FleetPersistence] Saved 3 AGV(s) to C:\Users\ducbu\Documents\GitHub\ACS\src\backend\ACS.Simulator.API\bin\Debug\net8.0\data\fleet.json
2026-03-06 09:18:53.224 +07:00 [INF] [FleetPersistence] Saved 3 AGV(s) to C:\Users\ducbu\Documents\GitHub\ACS\src\backend\ACS.Simulator.API\bin\Debug\net8.0\data\fleet.json
2026-03-06 09:19:00.691 +07:00 [INF] [FleetPersistence] Saved 3 AGV(s) to C:\Users\ducbu\Documents\GitHub\ACS\src\backend\ACS.Simulator.API\bin\Debug\net8.0\data\fleet.json
2026-03-06 09:19:17.048 +07:00 [INF] [FleetPersistence] Saved 3 AGV(s) to C:\Users\ducbu\Documents\GitHub\ACS\src\backend\ACS.Simulator.API\bin\Debug\net8.0\data\fleet.json
2026-03-06 09:23:52.190 +07:00 [INF] [FleetPersistence] Saved 3 AGV(s) to C:\Users\ducbu\Documents\GitHub\ACS\src\backend\ACS.Simulator.API\bin\Debug\net8.0\data\fleet.json
2026-03-06 09:24:28.637 +07:00 [INF] [FleetPersistence] Saved 3 AGV(s) to C:\Users\ducbu\Documents\GitHub\ACS\src\backend\ACS.Simulator.API\bin\Debug\net8.0\data\fleet.json
2026-03-06 09:25:03.626 +07:00 [INF] [FleetPersistence] Saved 3 AGV(s) to C:\Users\ducbu\Documents\GitHub\ACS\src\backend\ACS.Simulator.API\bin\Debug\net8.0\data\fleet.json
2026-03-06 09:25:13.773 +07:00 [INF] [FleetPersistence] Saved 3 AGV(s) to C:\Users\ducbu\Documents\GitHub\ACS\src\backend\ACS.Simulator.API\bin\Debug\net8.0\data\fleet.json
2026-03-06 09:26:00.343 +07:00 [INF] [FleetPersistence] Saved 3 AGV(s) to C:\Users\ducbu\Documents\GitHub\ACS\src\backend\ACS.Simulator.API\bin\Debug\net8.0\data\fleet.json
2026-03-06 09:32:07.500 +07:00 [INF] [FleetPersistence] Saved 3 AGV(s) to C:\Users\ducbu\Documents\GitHub\ACS\src\backend\ACS.Simulator.API\bin\Debug\net8.0\data\fleet.json
2026-03-06 09:34:39.935 +07:00 [INF] [FleetPersistence] Saved 3 AGV(s) to C:\Users\ducbu\Documents\GitHub\ACS\src\backend\ACS.Simulator.API\bin\Debug\net8.0\data\fleet.json
2026-03-06 09:37:02.425 +07:00 [INF] [FleetPersistence] Saved 3 AGV(s) to C:\Users\ducbu\Documents\GitHub\ACS\src\backend\ACS.Simulator.API\bin\Debug\net8.0\data\fleet.json
2026-03-06 09:38:32.918 +07:00 [INF] [FleetPersistence] Saved 3 AGV(s) to C:\Users\ducbu\Documents\GitHub\ACS\src\backend\ACS.Simulator.API\bin\Debug\net8.0\data\fleet.json
2026-03-06 09:52:49.581 +07:00 [INF] [FleetPersistence] Saved 3 AGV(s) to C:\Users\ducbu\Documents\GitHub\ACS\src\backend\ACS.Simulator.API\bin\Debug\net8.0\data\fleet.json
2026-03-06 09:52:53.292 +07:00 [INF] [FleetPersistence] Saved 3 AGV(s) to C:\Users\ducbu\Documents\GitHub\ACS\src\backend\ACS.Simulator.API\bin\Debug\net8.0\data\fleet.json
2026-03-06 09:58:59.886 +07:00 [INF] [FleetPersistence] Saved 3 AGV(s) to C:\Users\ducbu\Documents\GitHub\ACS\src\backend\ACS.Simulator.API\bin\Debug\net8.0\data\fleet.json
2026-03-06 09:59:06.238 +07:00 [INF] [FleetPersistence] Saved 3 AGV(s) to C:\Users\ducbu\Documents\GitHub\ACS\src\backend\ACS.Simulator.API\bin\Debug\net8.0\data\fleet.json
2026-03-06 10:03:44.568 +07:00 [INF] ACS Simulator API starting on port 9060...
2026-03-06 10:03:44.669 +07:00 [INF] [FleetPersistence] Loaded 3 AGV(s) from C:\Users\ducbu\Documents\GitHub\ACS\src\backend\ACS.Simulator.API\bin\Debug\net8.0\data\fleet.json (saved at "2026-03-06T02:59:06.2333801Z")
2026-03-06 10:03:44.681 +07:00 [INF] [FleetRestore] Restoring 3 AGV(s)...
2026-03-06 10:03:44.704 +07:00 [INF] AGV created: PSH-02092021
2026-03-06 10:03:44.723 +07:00 [INF] [FleetPersistence] Saved 1 AGV(s) to C:\Users\ducbu\Documents\GitHub\ACS\src\backend\ACS.Simulator.API\bin\Debug\net8.0\data\fleet.json
2026-03-06 10:03:44.822 +07:00 [INF] [FleetRestore] AGV PSH-02092021 restored and started
2026-03-06 10:03:44.831 +07:00 [INF] AGV created: PSH-02092022
2026-03-06 10:03:44.835 +07:00 [INF] [FleetPersistence] Saved 2 AGV(s) to C:\Users\ducbu\Documents\GitHub\ACS\src\backend\ACS.Simulator.API\bin\Debug\net8.0\data\fleet.json
2026-03-06 10:03:44.843 +07:00 [INF] [FleetRestore] AGV PSH-02092022 restored and started
2026-03-06 10:03:44.848 +07:00 [INF] AGV created: PSH-02092023
2026-03-06 10:03:44.855 +07:00 [INF] [FleetPersistence] Saved 3 AGV(s) to C:\Users\ducbu\Documents\GitHub\ACS\src\backend\ACS.Simulator.API\bin\Debug\net8.0\data\fleet.json
2026-03-06 10:03:44.858 +07:00 [INF] [FleetRestore] AGV PSH-02092023 restored and started
2026-03-06 10:03:44.862 +07:00 [INF] [FleetRestore] Fleet restoration complete
2026-03-06 10:03:44.878 +07:00 [INF] [SimulatorBroadcast] Service starting with adaptive interval (150ms / 3000ms)
2026-03-06 10:07:36.982 +07:00 [INF] [FleetPersistence] Saved 3 AGV(s) to C:\Users\ducbu\Documents\GitHub\ACS\src\backend\ACS.Simulator.API\bin\Debug\net8.0\data\fleet.json
2026-03-06 10:07:50.977 +07:00 [INF] [FleetPersistence] Saved 3 AGV(s) to C:\Users\ducbu\Documents\GitHub\ACS\src\backend\ACS.Simulator.API\bin\Debug\net8.0\data\fleet.json
2026-03-06 10:08:05.503 +07:00 [ERR] Connection id "0HNJR5K872KS4", Request id "0HNJR5K872KS4:00000071": An unhandled exception was thrown by the application.
System.InvalidOperationException: It is not allowed to connect with a server after the connection is established.
   at MQTTnet.Client.MqttClient.ThrowIfConnected(String message)
   at MQTTnet.Client.MqttClient.ConnectAsync(MqttClientOptions options, CancellationToken cancellationToken)
   at ACS.Simulator.API.Core.Services.VirtualAgv.ConnectAsync() in C:\Users\ducbu\Documents\GitHub\ACS\src\backend\ACS.Simulator.API\Core\Services\VirtualAgv.cs:line 300
   at ACS.Simulator.API.Services.SimulatorService.StartAgvAsync(String id) in C:\Users\ducbu\Documents\GitHub\ACS\src\backend\ACS.Simulator.API\Services\SimulatorService.cs:line 164
   at ACS.Simulator.API.Controllers.AgvController.Start(String id) in C:\Users\ducbu\Documents\GitHub\ACS\src\backend\ACS.Simulator.API\Controllers\AgvController.cs:line 43
   at Microsoft.AspNetCore.Mvc.Infrastructure.ActionMethodExecutor.TaskOfIActionResultExecutor.Execute(ActionContext actionContext, IActionResultTypeMapper mapper, ObjectMethodExecutor executor, Object controller, Object[] arguments)
   at Microsoft.AspNetCore.Mvc.Infrastructure.ControllerActionInvoker.<InvokeActionMethodAsync>g__Awaited|12_0(ControllerActionInvoker invoker, ValueTask`1 actionResultValueTask)
   at Microsoft.AspNetCore.Mvc.Infrastructure.ControllerActionInvoker.<InvokeNextActionFilterAsync>g__Awaited|10_0(ControllerActionInvoker invoker, Task lastTask, State next, Scope scope, Object state, Boolean isCompleted)
   at Microsoft.AspNetCore.Mvc.Infrastructure.ControllerActionInvoker.Rethrow(ActionExecutedContextSealed context)
   at Microsoft.AspNetCore.Mvc.Infrastructure.ControllerActionInvoker.Next(State& next, Scope& scope, Object& state, Boolean& isCompleted)
   at Microsoft.AspNetCore.Mvc.Infrastructure.ControllerActionInvoker.InvokeInnerFilterAsync()
--- End of stack trace from previous location ---
   at Microsoft.AspNetCore.Mvc.Infrastructure.ResourceInvoker.<InvokeFilterPipelineAsync>g__Awaited|20_0(ResourceInvoker invoker, Task lastTask, State next, Scope scope, Object state, Boolean isCompleted)
   at Microsoft.AspNetCore.Mvc.Infrastructure.ResourceInvoker.<InvokeAsync>g__Awaited|17_0(ResourceInvoker invoker, Task task, IDisposable scope)
   at Microsoft.AspNetCore.Mvc.Infrastructure.ResourceInvoker.<InvokeAsync>g__Awaited|17_0(ResourceInvoker invoker, Task task, IDisposable scope)
   at Swashbuckle.AspNetCore.SwaggerUI.SwaggerUIMiddleware.Invoke(HttpContext httpContext)
   at Swashbuckle.AspNetCore.Swagger.SwaggerMiddleware.Invoke(HttpContext httpContext, ISwaggerProvider swaggerProvider)
   at Microsoft.AspNetCore.Authorization.AuthorizationMiddleware.Invoke(HttpContext context)
   at Microsoft.AspNetCore.Authentication.AuthenticationMiddleware.Invoke(HttpContext context)
   at Microsoft.AspNetCore.Server.Kestrel.Core.Internal.Http.HttpProtocol.ProcessRequests[TContext](IHttpApplication`1 application)
2026-03-06 10:08:11.948 +07:00 [ERR] Connection id "0HNJR5K872KS4", Request id "0HNJR5K872KS4:00000076": An unhandled exception was thrown by the application.
System.InvalidOperationException: It is not allowed to connect with a server after the connection is established.
   at MQTTnet.Client.MqttClient.ThrowIfConnected(String message)
   at MQTTnet.Client.MqttClient.ConnectAsync(MqttClientOptions options, CancellationToken cancellationToken)
   at ACS.Simulator.API.Core.Services.VirtualAgv.ConnectAsync() in C:\Users\ducbu\Documents\GitHub\ACS\src\backend\ACS.Simulator.API\Core\Services\VirtualAgv.cs:line 300
   at ACS.Simulator.API.Services.SimulatorService.StartAgvAsync(String id) in C:\Users\ducbu\Documents\GitHub\ACS\src\backend\ACS.Simulator.API\Services\SimulatorService.cs:line 164
   at ACS.Simulator.API.Controllers.AgvController.Start(String id) in C:\Users\ducbu\Documents\GitHub\ACS\src\backend\ACS.Simulator.API\Controllers\AgvController.cs:line 43
   at Microsoft.AspNetCore.Mvc.Infrastructure.ActionMethodExecutor.TaskOfIActionResultExecutor.Execute(ActionContext actionContext, IActionResultTypeMapper mapper, ObjectMethodExecutor executor, Object controller, Object[] arguments)
   at Microsoft.AspNetCore.Mvc.Infrastructure.ControllerActionInvoker.<InvokeActionMethodAsync>g__Awaited|12_0(ControllerActionInvoker invoker, ValueTask`1 actionResultValueTask)
   at Microsoft.AspNetCore.Mvc.Infrastructure.ControllerActionInvoker.<InvokeNextActionFilterAsync>g__Awaited|10_0(ControllerActionInvoker invoker, Task lastTask, State next, Scope scope, Object state, Boolean isCompleted)
   at Microsoft.AspNetCore.Mvc.Infrastructure.ControllerActionInvoker.Rethrow(ActionExecutedContextSealed context)
   at Microsoft.AspNetCore.Mvc.Infrastructure.ControllerActionInvoker.Next(State& next, Scope& scope, Object& state, Boolean& isCompleted)
   at Microsoft.AspNetCore.Mvc.Infrastructure.ControllerActionInvoker.InvokeInnerFilterAsync()
--- End of stack trace from previous location ---
   at Microsoft.AspNetCore.Mvc.Infrastructure.ResourceInvoker.<InvokeFilterPipelineAsync>g__Awaited|20_0(ResourceInvoker invoker, Task lastTask, State next, Scope scope, Object state, Boolean isCompleted)
   at Microsoft.AspNetCore.Mvc.Infrastructure.ResourceInvoker.<InvokeAsync>g__Awaited|17_0(ResourceInvoker invoker, Task task, IDisposable scope)
   at Microsoft.AspNetCore.Mvc.Infrastructure.ResourceInvoker.<InvokeAsync>g__Awaited|17_0(ResourceInvoker invoker, Task task, IDisposable scope)
   at Swashbuckle.AspNetCore.SwaggerUI.SwaggerUIMiddleware.Invoke(HttpContext httpContext)
   at Swashbuckle.AspNetCore.Swagger.SwaggerMiddleware.Invoke(HttpContext httpContext, ISwaggerProvider swaggerProvider)
   at Microsoft.AspNetCore.Authorization.AuthorizationMiddleware.Invoke(HttpContext context)
   at Microsoft.AspNetCore.Authentication.AuthenticationMiddleware.Invoke(HttpContext context)
   at Microsoft.AspNetCore.Server.Kestrel.Core.Internal.Http.HttpProtocol.ProcessRequests[TContext](IHttpApplication`1 application)
2026-03-06 10:08:27.804 +07:00 [INF] [FleetPersistence] Saved 3 AGV(s) to C:\Users\ducbu\Documents\GitHub\ACS\src\backend\ACS.Simulator.API\bin\Debug\net8.0\data\fleet.json
2026-03-06 10:08:29.878 +07:00 [INF] [FleetPersistence] Saved 3 AGV(s) to C:\Users\ducbu\Documents\GitHub\ACS\src\backend\ACS.Simulator.API\bin\Debug\net8.0\data\fleet.json
2026-03-06 10:08:30.152 +07:00 [ERR] Connection id "0HNJR5K872KS4", Request id "0HNJR5K872KS4:00000089": An unhandled exception was thrown by the application.
System.InvalidOperationException: It is not allowed to connect with a server after the connection is established.
   at MQTTnet.Client.MqttClient.ThrowIfConnected(String message)
   at MQTTnet.Client.MqttClient.ConnectAsync(MqttClientOptions options, CancellationToken cancellationToken)
   at ACS.Simulator.API.Core.Services.VirtualAgv.ConnectAsync() in C:\Users\ducbu\Documents\GitHub\ACS\src\backend\ACS.Simulator.API\Core\Services\VirtualAgv.cs:line 300
   at ACS.Simulator.API.Services.SimulatorService.StartAgvAsync(String id) in C:\Users\ducbu\Documents\GitHub\ACS\src\backend\ACS.Simulator.API\Services\SimulatorService.cs:line 164
   at ACS.Simulator.API.Controllers.AgvController.Start(String id) in C:\Users\ducbu\Documents\GitHub\ACS\src\backend\ACS.Simulator.API\Controllers\AgvController.cs:line 43
   at Microsoft.AspNetCore.Mvc.Infrastructure.ActionMethodExecutor.TaskOfIActionResultExecutor.Execute(ActionContext actionContext, IActionResultTypeMapper mapper, ObjectMethodExecutor executor, Object controller, Object[] arguments)
   at Microsoft.AspNetCore.Mvc.Infrastructure.ControllerActionInvoker.<InvokeActionMethodAsync>g__Awaited|12_0(ControllerActionInvoker invoker, ValueTask`1 actionResultValueTask)
   at Microsoft.AspNetCore.Mvc.Infrastructure.ControllerActionInvoker.<InvokeNextActionFilterAsync>g__Awaited|10_0(ControllerActionInvoker invoker, Task lastTask, State next, Scope scope, Object state, Boolean isCompleted)
   at Microsoft.AspNetCore.Mvc.Infrastructure.ControllerActionInvoker.Rethrow(ActionExecutedContextSealed context)
   at Microsoft.AspNetCore.Mvc.Infrastructure.ControllerActionInvoker.Next(State& next, Scope& scope, Object& state, Boolean& isCompleted)
   at Microsoft.AspNetCore.Mvc.Infrastructure.ControllerActionInvoker.InvokeInnerFilterAsync()
--- End of stack trace from previous location ---
   at Microsoft.AspNetCore.Mvc.Infrastructure.ResourceInvoker.<InvokeFilterPipelineAsync>g__Awaited|20_0(ResourceInvoker invoker, Task lastTask, State next, Scope scope, Object state, Boolean isCompleted)
   at Microsoft.AspNetCore.Mvc.Infrastructure.ResourceInvoker.<InvokeAsync>g__Awaited|17_0(ResourceInvoker invoker, Task task, IDisposable scope)
   at Microsoft.AspNetCore.Mvc.Infrastructure.ResourceInvoker.<InvokeAsync>g__Awaited|17_0(ResourceInvoker invoker, Task task, IDisposable scope)
   at Swashbuckle.AspNetCore.SwaggerUI.SwaggerUIMiddleware.Invoke(HttpContext httpContext)
   at Swashbuckle.AspNetCore.Swagger.SwaggerMiddleware.Invoke(HttpContext httpContext, ISwaggerProvider swaggerProvider)
   at Microsoft.AspNetCore.Authorization.AuthorizationMiddleware.Invoke(HttpContext context)
   at Microsoft.AspNetCore.Authentication.AuthenticationMiddleware.Invoke(HttpContext context)
   at Microsoft.AspNetCore.Server.Kestrel.Core.Internal.Http.HttpProtocol.ProcessRequests[TContext](IHttpApplication`1 application)
2026-03-06 10:08:37.830 +07:00 [INF] [FleetPersistence] Saved 3 AGV(s) to C:\Users\ducbu\Documents\GitHub\ACS\src\backend\ACS.Simulator.API\bin\Debug\net8.0\data\fleet.json
2026-03-06 10:08:56.098 +07:00 [INF] AGV updated: PSH-02092023 -> PSH-02092023
2026-03-06 10:08:56.102 +07:00 [INF] [FleetPersistence] Saved 3 AGV(s) to C:\Users\ducbu\Documents\GitHub\ACS\src\backend\ACS.Simulator.API\bin\Debug\net8.0\data\fleet.json
2026-03-06 10:11:06.271 +07:00 [INF] [FleetPersistence] Saved 3 AGV(s) to C:\Users\ducbu\Documents\GitHub\ACS\src\backend\ACS.Simulator.API\bin\Debug\net8.0\data\fleet.json
2026-03-06 10:11:55.552 +07:00 [INF] [FleetPersistence] Saved 3 AGV(s) to C:\Users\ducbu\Documents\GitHub\ACS\src\backend\ACS.Simulator.API\bin\Debug\net8.0\data\fleet.json
2026-03-06 10:13:32.597 +07:00 [INF] [FleetPersistence] Saved 3 AGV(s) to C:\Users\ducbu\Documents\GitHub\ACS\src\backend\ACS.Simulator.API\bin\Debug\net8.0\data\fleet.json
2026-03-06 10:20:13.789 +07:00 [INF] [FleetPersistence] Saved 3 AGV(s) to C:\Users\ducbu\Documents\GitHub\ACS\src\backend\ACS.Simulator.API\bin\Debug\net8.0\data\fleet.json
2026-03-06 10:20:24.417 +07:00 [INF] [FleetPersistence] Saved 3 AGV(s) to C:\Users\ducbu\Documents\GitHub\ACS\src\backend\ACS.Simulator.API\bin\Debug\net8.0\data\fleet.json
2026-03-06 10:22:27.846 +07:00 [INF] [FleetPersistence] Saved 3 AGV(s) to C:\Users\ducbu\Documents\GitHub\ACS\src\backend\ACS.Simulator.API\bin\Debug\net8.0\data\fleet.json
2026-03-06 10:22:40.893 +07:00 [INF] [FleetPersistence] Saved 3 AGV(s) to C:\Users\ducbu\Documents\GitHub\ACS\src\backend\ACS.Simulator.API\bin\Debug\net8.0\data\fleet.json
2026-03-06 10:22:53.226 +07:00 [INF] [FleetPersistence] Saved 3 AGV(s) to C:\Users\ducbu\Documents\GitHub\ACS\src\backend\ACS.Simulator.API\bin\Debug\net8.0\data\fleet.json
2026-03-06 10:23:40.111 +07:00 [INF] [FleetPersistence] Saved 3 AGV(s) to C:\Users\ducbu\Documents\GitHub\ACS\src\backend\ACS.Simulator.API\bin\Debug\net8.0\data\fleet.json
2026-03-06 10:23:50.017 +07:00 [INF] [FleetPersistence] Saved 3 AGV(s) to C:\Users\ducbu\Documents\GitHub\ACS\src\backend\ACS.Simulator.API\bin\Debug\net8.0\data\fleet.json
2026-03-06 10:49:04.634 +07:00 [INF] [FleetPersistence] Saved 3 AGV(s) to C:\Users\ducbu\Documents\GitHub\ACS\src\backend\ACS.Simulator.API\bin\Debug\net8.0\data\fleet.json
2026-03-06 11:05:06.635 +07:00 [INF] ACS Simulator API starting on port 9060...
2026-03-06 11:05:06.693 +07:00 [INF] [FleetPersistence] Loaded 3 AGV(s) from C:\Users\ducbu\Documents\GitHub\ACS\src\backend\ACS.Simulator.API\bin\Debug\net8.0\data\fleet.json (saved at "2026-03-06T04:04:46.4226944Z")
2026-03-06 11:05:06.698 +07:00 [INF] [FleetRestore] Restoring 3 AGV(s)...
2026-03-06 11:05:06.711 +07:00 [INF] AGV created: PSH-02092021
2026-03-06 11:05:06.721 +07:00 [INF] [FleetPersistence] Saved 1 AGV(s) to C:\Users\ducbu\Documents\GitHub\ACS\src\backend\ACS.Simulator.API\bin\Debug\net8.0\data\fleet.json
2026-03-06 11:05:06.771 +07:00 [INF] [FleetRestore] AGV PSH-02092021 restored and started
2026-03-06 11:05:06.775 +07:00 [INF] AGV created: PSH-02092022
2026-03-06 11:05:06.777 +07:00 [INF] [FleetPersistence] Saved 2 AGV(s) to C:\Users\ducbu\Documents\GitHub\ACS\src\backend\ACS.Simulator.API\bin\Debug\net8.0\data\fleet.json
2026-03-06 11:05:06.780 +07:00 [INF] [FleetRestore] AGV PSH-02092022 restored and started
2026-03-06 11:05:06.782 +07:00 [INF] AGV created: PSH-02092023
2026-03-06 11:05:06.800 +07:00 [INF] [FleetRestore] AGV PSH-02092023 restored (not auto-started)
2026-03-06 11:05:06.800 +07:00 [INF] [FleetPersistence] Saved 3 AGV(s) to C:\Users\ducbu\Documents\GitHub\ACS\src\backend\ACS.Simulator.API\bin\Debug\net8.0\data\fleet.json
2026-03-06 11:05:06.801 +07:00 [INF] [FleetRestore] Fleet restoration complete
2026-03-06 11:05:06.808 +07:00 [INF] [SimulatorBroadcast] Service starting with adaptive interval (150ms / 3000ms)
2026-03-06 11:11:40.086 +07:00 [INF] [FleetPersistence] Saved 3 AGV(s) to C:\Users\ducbu\Documents\GitHub\ACS\src\backend\ACS.Simulator.API\bin\Debug\net8.0\data\fleet.json
2026-03-06 11:25:38.966 +07:00 [INF] [FleetPersistence] Saved 3 AGV(s) to C:\Users\ducbu\Documents\GitHub\ACS\src\backend\ACS.Simulator.API\bin\Debug\net8.0\data\fleet.json
2026-03-06 11:46:24.363 +07:00 [INF] [FleetPersistence] Saved 3 AGV(s) to C:\Users\ducbu\Documents\GitHub\ACS\src\backend\ACS.Simulator.API\bin\Debug\net8.0\data\fleet.json
2026-03-06 11:46:24.382 +07:00 [INF] [FleetPersistence] Saved 3 AGV(s) to C:\Users\ducbu\Documents\GitHub\ACS\src\backend\ACS.Simulator.API\bin\Debug\net8.0\data\fleet.json
2026-03-06 15:26:29.057 +07:00 [INF] [FleetPersistence] Saved 3 AGV(s) to C:\Users\ducbu\Documents\GitHub\ACS\src\backend\ACS.Simulator.API\bin\Debug\net8.0\data\fleet.json
2026-03-06 15:39:01.023 +07:00 [INF] [FleetPersistence] Saved 3 AGV(s) to C:\Users\ducbu\Documents\GitHub\ACS\src\backend\ACS.Simulator.API\bin\Debug\net8.0\data\fleet.json
2026-03-06 15:39:06.910 +07:00 [INF] [FleetPersistence] Saved 3 AGV(s) to C:\Users\ducbu\Documents\GitHub\ACS\src\backend\ACS.Simulator.API\bin\Debug\net8.0\data\fleet.json
2026-03-06 15:39:20.351 +07:00 [INF] [FleetPersistence] Saved 3 AGV(s) to C:\Users\ducbu\Documents\GitHub\ACS\src\backend\ACS.Simulator.API\bin\Debug\net8.0\data\fleet.json
2026-03-06 15:39:34.927 +07:00 [INF] [FleetPersistence] Saved 3 AGV(s) to C:\Users\ducbu\Documents\GitHub\ACS\src\backend\ACS.Simulator.API\bin\Debug\net8.0\data\fleet.json
2026-03-06 15:40:11.934 +07:00 [INF] [FleetPersistence] Saved 3 AGV(s) to C:\Users\ducbu\Documents\GitHub\ACS\src\backend\ACS.Simulator.API\bin\Debug\net8.0\data\fleet.json
2026-03-06 15:40:26.703 +07:00 [INF] [FleetPersistence] Saved 3 AGV(s) to C:\Users\ducbu\Documents\GitHub\ACS\src\backend\ACS.Simulator.API\bin\Debug\net8.0\data\fleet.json
2026-03-06 15:41:10.977 +07:00 [INF] [FleetPersistence] Saved 3 AGV(s) to C:\Users\ducbu\Documents\GitHub\ACS\src\backend\ACS.Simulator.API\bin\Debug\net8.0\data\fleet.json
